[INFO] Starting pipeline at Mon Jun 23 22:48:12 UTC 2025
Traceback (most recent call last):
  File "/app/pipeline.py", line 2, in <module>
    from warehouse_pipeline import pipeline_warehouse
  File "/app/warehouse_pipeline.py", line 7, in <module>
    from warehouse.transform.fact_relationship_pyspark import transform_fact_relationship_spark
ModuleNotFoundError: No module named 'warehouse'
[INFO] Finished pipeline at Mon Jun 23 22:48:16 UTC 2025
[INFO] Starting pipeline at Mon Jun 23 22:54:45 UTC 2025
Traceback (most recent call last):
  File "/app/pipeline.py", line 1, in <module>
    from staging_pipeline import pipeline_staging
  File "/app/staging_pipeline.py", line 2, in <module>
    from pyspark.sql import SparkSession
ModuleNotFoundError: No module named 'pyspark'
[INFO] Finished pipeline at Mon Jun 23 22:54:45 UTC 2025
[INFO] Starting pipeline at Mon Jun 23 22:56:19 UTC 2025
Traceback (most recent call last):
  File "/app/pipeline.py", line 2, in <module>
    from warehouse_pipeline import pipeline_warehouse
  File "/app/warehouse_pipeline.py", line 7, in <module>
    from warehouse.transform.fact_relationship_pyspark import transform_fact_relationship_spark
ModuleNotFoundError: No module named 'warehouse'
[INFO] Finished pipeline at Mon Jun 23 22:56:22 UTC 2025
[INFO] Starting pipeline at Mon Jun 23 22:57:01 UTC 2025
Traceback (most recent call last):
  File "/app/pipeline.py", line 2, in <module>
    from warehouse_pipeline import pipeline_warehouse
  File "/app/warehouse_pipeline.py", line 7, in <module>
    from warehouse.transform.fact_relationship_pyspark import transform_fact_relationship_spark
ModuleNotFoundError: No module named 'warehouse'
[INFO] Finished pipeline at Mon Jun 23 22:57:04 UTC 2025
[INFO] Starting pipeline at Mon Jun 23 23:05:24 UTC 2025
Traceback (most recent call last):
  File "/app/pipeline.py", line 2, in <module>
    from warehouse_pipeline import pipeline_warehouse
  File "/app/warehouse_pipeline.py", line 7, in <module>
    from warehouse.transform.fact_relationship_pyspark import transform_fact_relationship_spark
ModuleNotFoundError: No module named 'warehouse'
[INFO] Finished pipeline at Mon Jun 23 23:05:29 UTC 2025
[INFO] Starting pipeline at Mon Jun 23 23:06:41 UTC 2025
Traceback (most recent call last):
  File "/app/pipeline.py", line 2, in <module>
    from warehouse_pipeline import pipeline_warehouse
  File "/app/warehouse_pipeline.py", line 7, in <module>
    from warehouse.transform.fact_relationship_pyspark import transform_fact_relationship_spark
ModuleNotFoundError: No module named 'warehouse'
[INFO] Finished pipeline at Mon Jun 23 23:06:46 UTC 2025
[INFO] Starting pipeline at Mon Jun 23 23:11:32 UTC 2025
Traceback (most recent call last):
  File "/app/pipeline.py", line 1, in <module>
    from staging_pipeline import pipeline_staging
  File "/app/staging_pipeline.py", line 2, in <module>
    from pyspark.sql import SparkSession
ModuleNotFoundError: No module named 'pyspark'
[INFO] Finished pipeline at Mon Jun 23 23:11:32 UTC 2025
[INFO] Starting pipeline at Mon Jun 23 23:13:18 UTC 2025
Setting default log level to "WARN".
To adjust logging level use sc.setLogLevel(newLevel). For SparkR, use setLogLevel(newLevel).
==== Start Staging Pipeline ===
+-------+----------+-------+--------+-----------+-------------------+---------+
|   step|   process| status|  source| table_name|           etl_date|error_msg|
+-------+----------+-------+--------+-----------+-------------------+---------+
|staging|extraction|success|database|acquisition|2025-06-23 23:13:27|     null|
+-------+----------+-------+--------+-----------+-------------------+---------+

+-------+----------+-------+--------+----------+-------------------+---------+
|   step|   process| status|  source|table_name|           etl_date|error_msg|
+-------+----------+-------+--------+----------+-------------------+---------+
|staging|extraction|success|database|   company|2025-06-23 23:13:51|     null|
+-------+----------+-------+--------+----------+-------------------+---------+

+-------+----------+-------+--------+--------------+-------------------+---------+
|   step|   process| status|  source|    table_name|           etl_date|error_msg|
+-------+----------+-------+--------+--------------+-------------------+---------+
|staging|extraction|success|database|funding_rounds|2025-06-23 23:13:55|     null|
+-------+----------+-------+--------+--------------+-------------------+---------+

+-------+----------+-------+--------+----------+-------------------+---------+
|   step|   process| status|  source|table_name|           etl_date|error_msg|
+-------+----------+-------+--------+----------+-------------------+---------+
|staging|extraction|success|database|     funds|2025-06-23 23:13:58|     null|
+-------+----------+-------+--------+----------+-------------------+---------+

+-------+----------+-------+--------+-----------+-------------------+---------+
|   step|   process| status|  source| table_name|           etl_date|error_msg|
+-------+----------+-------+--------+-----------+-------------------+---------+
|staging|extraction|success|database|investments|2025-06-23 23:14:01|     null|
+-------+----------+-------+--------+-----------+-------------------+---------+

+-------+----------+-------+--------+----------+-------------------+---------+
|   step|   process| status|  source|table_name|           etl_date|error_msg|
+-------+----------+-------+--------+----------+-------------------+---------+
|staging|extraction|success|database|      ipos|2025-06-23 23:14:03|     null|
+-------+----------+-------+--------+----------+-------------------+---------+

+-------+----------+-------+-----------+----------+-------------------+---------+
|   step|   process| status|     source|table_name|           etl_date|error_msg|
+-------+----------+-------+-----------+----------+-------------------+---------+
|staging|extraction|success|spreadsheet|    people|2025-06-23 23:14:06|     null|
+-------+----------+-------+-----------+----------+-------------------+---------+

+-------+----------+-------+-----------+-------------+-------------------+---------+
|   step|   process| status|     source|   table_name|           etl_date|error_msg|
+-------+----------+-------+-----------+-------------+-------------------+---------+
|staging|extraction|success|spreadsheet|relationships|2025-06-23 23:14:20|     null|
+-------+----------+-------+-----------+-------------+-------------------+---------+

+-------+----------+-------+------+----------+-------------------+---------+
|   step|   process| status|source|table_name|           etl_date|error_msg|
+-------+----------+-------+------+----------+-------------------+---------+
|staging|extraction|success|   api|milestones|2025-06-23 23:14:35|     null|
+-------+----------+-------+------+----------+-------------------+---------+

+-------+-------+-------+--------+-----------+--------------------+---------+
|   step|process| status|  source| table_name|            etl_date|error_msg|
+-------+-------+-------+--------+-----------+--------------------+---------+
|staging|   load|success|database|acquisition|2025-06-23 23:16:...|     null|
+-------+-------+-------+--------+-----------+--------------------+---------+

+-------+-------+-------+--------+----------+--------------------+---------+
|   step|process| status|  source|table_name|            etl_date|error_msg|
+-------+-------+-------+--------+----------+--------------------+---------+
|staging|   load|success|database|   company|2025-06-23 23:16:...|     null|
+-------+-------+-------+--------+----------+--------------------+---------+

+-------+-------+-------+--------+--------------+--------------------+---------+
|   step|process| status|  source|    table_name|            etl_date|error_msg|
+-------+-------+-------+--------+--------------+--------------------+---------+
|staging|   load|success|database|funding_rounds|2025-06-23 23:16:...|     null|
+-------+-------+-------+--------+--------------+--------------------+---------+

+-------+-------+-------+--------+----------+--------------------+---------+
|   step|process| status|  source|table_name|            etl_date|error_msg|
+-------+-------+-------+--------+----------+--------------------+---------+
|staging|   load|success|database|     funds|2025-06-23 23:16:...|     null|
+-------+-------+-------+--------+----------+--------------------+---------+

+-------+-------+-------+--------+-----------+--------------------+---------+
|   step|process| status|  source| table_name|            etl_date|error_msg|
+-------+-------+-------+--------+-----------+--------------------+---------+
|staging|   load|success|database|investments|2025-06-23 23:17:...|     null|
+-------+-------+-------+--------+-----------+--------------------+---------+

+-------+-------+-------+--------+----------+--------------------+---------+
|   step|process| status|  source|table_name|            etl_date|error_msg|
+-------+-------+-------+--------+----------+--------------------+---------+
|staging|   load|success|database|      ipos|2025-06-23 23:17:...|     null|
+-------+-------+-------+--------+----------+--------------------+---------+

+-------+-------+-------+-----------+----------+--------------------+---------+
|   step|process| status|     source|table_name|            etl_date|error_msg|
+-------+-------+-------+-----------+----------+--------------------+---------+
|staging|   load|success|spreadsheet|    people|2025-06-23 23:17:...|     null|
+-------+-------+-------+-----------+----------+--------------------+---------+

+-------+-------+-------+-----------+-------------+--------------------+---------+
|   step|process| status|     source|   table_name|            etl_date|error_msg|
+-------+-------+-------+-----------+-------------+--------------------+---------+
|staging|   load|success|spreadsheet|relationships|2025-06-23 23:17:...|     null|
+-------+-------+-------+-----------+-------------+--------------------+---------+

+-------+-------+-------+------+----------+--------------------+---------+
|   step|process| status|source|table_name|            etl_date|error_msg|
+-------+-------+-------+------+----------+--------------------+---------+
|staging|   load|success|   api|milestones|2025-06-23 23:17:...|     null|
+-------+-------+-------+------+----------+--------------------+---------+

==== End Staging Pipeline ===
==== Start Warehouse Pipeline ===
Extracting data from staging...
+---------+----------+-------+--------+----------+-------------------+---------+
|     step|   process| status|  source|table_name|           etl_date|error_msg|
+---------+----------+-------+--------+----------+-------------------+---------+
|warehouse|extraction|success|database|    people|2025-06-23 23:17:46|     null|
+---------+----------+-------+--------+----------+-------------------+---------+

+---------+----------+-------+--------+----------+-------------------+---------+
|     step|   process| status|  source|table_name|           etl_date|error_msg|
+---------+----------+-------+--------+----------+-------------------+---------+
|warehouse|extraction|success|database|   company|2025-06-23 23:18:03|     null|
+---------+----------+-------+--------+----------+-------------------+---------+

+---------+----------+-------+--------+-------------+-------------------+---------+
|     step|   process| status|  source|   table_name|           etl_date|error_msg|
+---------+----------+-------+--------+-------------+-------------------+---------+
|warehouse|extraction|success|database|relationships|2025-06-23 23:18:07|     null|
+---------+----------+-------+--------+-------------+-------------------+---------+

+---------+----------+-------+--------+-----------+-------------------+---------+
|     step|   process| status|  source| table_name|           etl_date|error_msg|
+---------+----------+-------+--------+-----------+-------------------+---------+
|warehouse|extraction|success|database|investments|2025-06-23 23:18:10|     null|
+---------+----------+-------+--------+-----------+-------------------+---------+

+---------+----------+-------+--------+----------+-------------------+---------+
|     step|   process| status|  source|table_name|           etl_date|error_msg|
+---------+----------+-------+--------+----------+-------------------+---------+
|warehouse|extraction|success|database|      ipos|2025-06-23 23:18:12|     null|
+---------+----------+-------+--------+----------+-------------------+---------+

+---------+----------+-------+--------+-----------+-------------------+---------+
|     step|   process| status|  source| table_name|           etl_date|error_msg|
+---------+----------+-------+--------+-----------+-------------------+---------+
|warehouse|extraction|success|database|acquisition|2025-06-23 23:18:15|     null|
+---------+----------+-------+--------+-----------+-------------------+---------+

+---------+----------+-------+--------+--------------+-------------------+---------+
|     step|   process| status|  source|    table_name|           etl_date|error_msg|
+---------+----------+-------+--------+--------------+-------------------+---------+
|warehouse|extraction|success|database|funding_rounds|2025-06-23 23:18:18|     null|
+---------+----------+-------+--------+--------------+-------------------+---------+

+---------+----------+-------+--------+----------+-------------------+---------+
|     step|   process| status|  source|table_name|           etl_date|error_msg|
+---------+----------+-------+--------+----------+-------------------+---------+
|warehouse|extraction|success|database|     funds|2025-06-23 23:18:21|     null|
+---------+----------+-------+--------+----------+-------------------+---------+

+---------+----------+-------+--------+----------+-------------------+---------+
|     step|   process| status|  source|table_name|           etl_date|error_msg|
+---------+----------+-------+--------+----------+-------------------+---------+
|warehouse|extraction|success|database|milestones|2025-06-23 23:18:23|     null|
+---------+----------+-------+--------+----------+-------------------+---------+

Transforming, Validating and Loading data...
Transforming, Validating and Loading data for dimension tables...
+---------+--------------+-------+-------+----------+-------------------+---------+
|     step|       process| status| source|table_name|           etl_date|error_msg|
+---------+--------------+-------+-------+----------+-------------------+---------+
|warehouse|transformation|success|staging|    people|2025-06-23 23:18:24|     null|
+---------+--------------+-------+-------+----------+-------------------+---------+

Save validation report as people_2025-06-23 23:18:38.json
+---------+-------+-------+-------+----------+--------------------+---------+
|     step|process| status| source|table_name|            etl_date|error_msg|
+---------+-------+-------+-------+----------+--------------------+---------+
|warehouse|   load|success|staging|    people|2025-06-23 23:18:...|     null|
+---------+-------+-------+-------+----------+--------------------+---------+

+---------+--------------+-------+-------+----------+-------------------+---------+
|     step|       process| status| source|table_name|           etl_date|error_msg|
+---------+--------------+-------+-------+----------+-------------------+---------+
|warehouse|transformation|success|staging|   company|2025-06-23 23:18:49|     null|
+---------+--------------+-------+-------+----------+-------------------+---------+

Save validation report as company_2025-06-23 23:18:59.json
+---------+-------+-------+-------+----------+--------------------+---------+
|     step|process| status| source|table_name|            etl_date|error_msg|
+---------+-------+-------+-------+----------+--------------------+---------+
|warehouse|   load|success|staging|   company|2025-06-23 23:18:...|     null|
+---------+-------+-------+-------+----------+--------------------+---------+

Transforming, Validating and Loading data for fact tables...
+---------+--------------+-------+-------+-----------+-------------------+---------+
|     step|       process| status| source| table_name|           etl_date|error_msg|
+---------+--------------+-------+-------+-----------+-------------------+---------+
|warehouse|transformation|success|staging|investments|2025-06-23 23:19:07|     null|
+---------+--------------+-------+-------+-----------+-------------------+---------+

+---------+--------------+-------+-------+--------------+-------------------+---------+
|     step|       process| status| source|    table_name|           etl_date|error_msg|
+---------+--------------+-------+-------+--------------+-------------------+---------+
|warehouse|transformation|success|staging|funding_rounds|2025-06-23 23:19:08|     null|
+---------+--------------+-------+-------+--------------+-------------------+---------+

+---------+--------------------+-------+-------+--------------------+-------------------+---------+
|     step|             process| status| source|          table_name|           etl_date|error_msg|
+---------+--------------------+-------+-------+--------------------+-------------------+---------+
|warehouse|Combine Transform...|success|staging|investments,fundi...|2025-06-23 23:19:10|     null|
+---------+--------------------+-------+-------+--------------------+-------------------+---------+

Save validation report as fact_investment_round_participation_2025-06-23 23:19:53.json
Save validation report as funding_rounds_2025-06-23 23:20:19.json
+---------+-------+-------+-------+--------------------+--------------------+---------+
|     step|process| status| source|          table_name|            etl_date|error_msg|
+---------+-------+-------+-------+--------------------+--------------------+---------+
|warehouse|   load|success|staging|investments,fundi...|2025-06-23 23:20:...|     null|
+---------+-------+-------+-------+--------------------+--------------------+---------+

+---------+--------------+-------+-------+----------+-------------------+---------+
|     step|       process| status| source|table_name|           etl_date|error_msg|
+---------+--------------+-------+-------+----------+-------------------+---------+
|warehouse|transformation|success|staging|      ipos|2025-06-23 23:20:26|     null|
+---------+--------------+-------+-------+----------+-------------------+---------+

Save validation report as ipos_2025-06-23 23:20:33.json
+---------+-------+-------+-------+----------+--------------------+---------+
|     step|process| status| source|table_name|            etl_date|error_msg|
+---------+-------+-------+-------+----------+--------------------+---------+
|warehouse|   load|success|staging|      ipos|2025-06-23 23:20:...|     null|
+---------+-------+-------+-------+----------+--------------------+---------+

+---------+--------------+-------+-------+-----------+-------------------+---------+
|     step|       process| status| source| table_name|           etl_date|error_msg|
+---------+--------------+-------+-------+-----------+-------------------+---------+
|warehouse|transformation|success|staging|acquisition|2025-06-23 23:20:36|     null|
+---------+--------------+-------+-------+-----------+-------------------+---------+

Save validation report as acquisition_2025-06-23 23:20:47.json
+---------+-------+-------+-------+-----------+--------------------+---------+
|     step|process| status| source| table_name|            etl_date|error_msg|
+---------+-------+-------+-------+-----------+--------------------+---------+
|warehouse|   load|success|staging|acquisition|2025-06-23 23:20:...|     null|
+---------+-------+-------+-------+-----------+--------------------+---------+

+---------+--------------+-------+-------+----------+-------------------+---------+
|     step|       process| status| source|table_name|           etl_date|error_msg|
+---------+--------------+-------+-------+----------+-------------------+---------+
|warehouse|transformation|success|staging|milestones|2025-06-23 23:20:49|     null|
+---------+--------------+-------+-------+----------+-------------------+---------+

Save validation report as milestones_2025-06-23 23:20:56.json
+---------+-------+-------+-------+----------+--------------------+---------+
|     step|process| status| source|table_name|            etl_date|error_msg|
+---------+-------+-------+-------+----------+--------------------+---------+
|warehouse|   load|success|staging|milestones|2025-06-23 23:20:...|     null|
+---------+-------+-------+-------+----------+--------------------+---------+

+---------+--------------+-------+-------+----------+-------------------+---------+
|     step|       process| status| source|table_name|           etl_date|error_msg|
+---------+--------------+-------+-------+----------+-------------------+---------+
|warehouse|transformation|success|staging|     funds|2025-06-23 23:21:00|     null|
+---------+--------------+-------+-------+----------+-------------------+---------+

Save validation report as funds_2025-06-23 23:21:04.json
+---------+-------+-------+-------+----------+--------------------+---------+
|     step|process| status| source|table_name|            etl_date|error_msg|
+---------+-------+-------+-------+----------+--------------------+---------+
|warehouse|   load|success|staging|     funds|2025-06-23 23:21:...|     null|
+---------+-------+-------+-------+----------+--------------------+---------+

+---------+--------------+-------+-------+-------------+-------------------+---------+
|     step|       process| status| source|   table_name|           etl_date|error_msg|
+---------+--------------+-------+-------+-------------+-------------------+---------+
|warehouse|transformation|success|staging|relationships|2025-06-23 23:21:06|     null|
+---------+--------------+-------+-------+-------------+-------------------+---------+

Save validation report as relationships_2025-06-23 23:21:31.json
+---------+-------+-------+-------+-------------+--------------------+---------+
|     step|process| status| source|   table_name|            etl_date|error_msg|
+---------+-------+-------+-------+-------------+--------------------+---------+
|warehouse|   load|success|staging|relationships|2025-06-23 23:21:...|     null|
+---------+-------+-------+-------+-------------+--------------------+---------+

==== End Warehouse Pipeline ===
[INFO] Finished pipeline at Mon Jun 23 23:21:38 UTC 2025
[INFO] Starting pipeline at Mon Jun 23 23:23:49 UTC 2025
Traceback (most recent call last):
  File "/app/pipeline.py", line 2, in <module>
    from warehouse_pipeline import pipeline_warehouse
  File "/app/warehouse_pipeline.py", line 7, in <module>
    from warehouse.transform.fact_relationship_pyspark import transform_fact_relationship_spark
ModuleNotFoundError: No module named 'warehouse'
[INFO] Finished pipeline at Mon Jun 23 23:23:53 UTC 2025
[INFO] Starting pipeline at Mon Jun 23 23:25:25 UTC 2025
Traceback (most recent call last):
  File "/app/pipeline.py", line 2, in <module>
    from warehouse_pipeline import pipeline_warehouse
  File "/app/warehouse_pipeline.py", line 7, in <module>
    from warehouse.transform.fact_relationship_pyspark import transform_fact_relationship_spark
ModuleNotFoundError: No module named 'warehouse'
[INFO] Finished pipeline at Mon Jun 23 23:25:28 UTC 2025
[INFO] Starting pipeline at Mon Jun 23 23:30:05 UTC 2025
python: can't open file '//pipeline.py': [Errno 2] No such file or directory
[INFO] Finished pipeline at Mon Jun 23 23:30:05 UTC 2025
[INFO] Starting pipeline at Mon Jun 23 23:32:34 UTC 2025
Traceback (most recent call last):
  File "/app/pipeline.py", line 2, in <module>
    from warehouse_pipeline import pipeline_warehouse
  File "/app/warehouse_pipeline.py", line 7, in <module>
    from warehouse.transform.fact_relationship_pyspark import transform_fact_relationship_spark
ModuleNotFoundError: No module named 'warehouse'
[INFO] Finished pipeline at Mon Jun 23 23:32:37 UTC 2025
[INFO] Starting pipeline at Mon Jun 23 23:35:01 UTC 2025
[INFO] PYTHONPATH=/app:/app/src:/opt/bitnami/spark/python/
Setting default log level to "WARN".
To adjust logging level use sc.setLogLevel(newLevel). For SparkR, use setLogLevel(newLevel).
==== Start Staging Pipeline ===
+-------+----------+-------+--------+-----------+-------------------+---------+
|   step|   process| status|  source| table_name|           etl_date|error_msg|
+-------+----------+-------+--------+-----------+-------------------+---------+
|staging|extraction|success|database|acquisition|2025-06-23 23:35:13|     null|
+-------+----------+-------+--------+-----------+-------------------+---------+

+-------+----------+-------+--------+----------+-------------------+---------+
|   step|   process| status|  source|table_name|           etl_date|error_msg|
+-------+----------+-------+--------+----------+-------------------+---------+
|staging|extraction|success|database|   company|2025-06-23 23:35:37|     null|
+-------+----------+-------+--------+----------+-------------------+---------+

+-------+----------+-------+--------+--------------+-------------------+---------+
|   step|   process| status|  source|    table_name|           etl_date|error_msg|
+-------+----------+-------+--------+--------------+-------------------+---------+
|staging|extraction|success|database|funding_rounds|2025-06-23 23:35:43|     null|
+-------+----------+-------+--------+--------------+-------------------+---------+

+-------+----------+-------+--------+----------+-------------------+---------+
|   step|   process| status|  source|table_name|           etl_date|error_msg|
+-------+----------+-------+--------+----------+-------------------+---------+
|staging|extraction|success|database|     funds|2025-06-23 23:35:46|     null|
+-------+----------+-------+--------+----------+-------------------+---------+

+-------+----------+-------+--------+-----------+-------------------+---------+
|   step|   process| status|  source| table_name|           etl_date|error_msg|
+-------+----------+-------+--------+-----------+-------------------+---------+
|staging|extraction|success|database|investments|2025-06-23 23:35:48|     null|
+-------+----------+-------+--------+-----------+-------------------+---------+

+-------+----------+-------+--------+----------+-------------------+---------+
|   step|   process| status|  source|table_name|           etl_date|error_msg|
+-------+----------+-------+--------+----------+-------------------+---------+
|staging|extraction|success|database|      ipos|2025-06-23 23:35:50|     null|
+-------+----------+-------+--------+----------+-------------------+---------+

+-------+----------+-------+-----------+----------+-------------------+---------+
|   step|   process| status|     source|table_name|           etl_date|error_msg|
+-------+----------+-------+-----------+----------+-------------------+---------+
|staging|extraction|success|spreadsheet|    people|2025-06-23 23:35:53|     null|
+-------+----------+-------+-----------+----------+-------------------+---------+

+-------+----------+-------+-----------+-------------+-------------------+---------+
|   step|   process| status|     source|   table_name|           etl_date|error_msg|
+-------+----------+-------+-----------+-------------+-------------------+---------+
|staging|extraction|success|spreadsheet|relationships|2025-06-23 23:36:07|     null|
+-------+----------+-------+-----------+-------------+-------------------+---------+

+-------+----------+-------+------+----------+-------------------+---------+
|   step|   process| status|source|table_name|           etl_date|error_msg|
+-------+----------+-------+------+----------+-------------------+---------+
|staging|extraction|success|   api|milestones|2025-06-23 23:36:22|     null|
+-------+----------+-------+------+----------+-------------------+---------+

+-------+-------+-------+--------+-----------+--------------------+---------+
|   step|process| status|  source| table_name|            etl_date|error_msg|
+-------+-------+-------+--------+-----------+--------------------+---------+
|staging|   load|success|database|acquisition|2025-06-23 23:36:...|     null|
+-------+-------+-------+--------+-----------+--------------------+---------+

+-------+-------+-------+--------+----------+--------------------+---------+
|   step|process| status|  source|table_name|            etl_date|error_msg|
+-------+-------+-------+--------+----------+--------------------+---------+
|staging|   load|success|database|   company|2025-06-23 23:36:...|     null|
+-------+-------+-------+--------+----------+--------------------+---------+

+-------+-------+-------+--------+--------------+--------------------+---------+
|   step|process| status|  source|    table_name|            etl_date|error_msg|
+-------+-------+-------+--------+--------------+--------------------+---------+
|staging|   load|success|database|funding_rounds|2025-06-23 23:36:...|     null|
+-------+-------+-------+--------+--------------+--------------------+---------+

+-------+-------+-------+--------+----------+--------------------+---------+
|   step|process| status|  source|table_name|            etl_date|error_msg|
+-------+-------+-------+--------+----------+--------------------+---------+
|staging|   load|success|database|     funds|2025-06-23 23:36:...|     null|
+-------+-------+-------+--------+----------+--------------------+---------+

+-------+-------+-------+--------+-----------+--------------------+---------+
|   step|process| status|  source| table_name|            etl_date|error_msg|
+-------+-------+-------+--------+-----------+--------------------+---------+
|staging|   load|success|database|investments|2025-06-23 23:36:...|     null|
+-------+-------+-------+--------+-----------+--------------------+---------+

+-------+-------+-------+--------+----------+--------------------+---------+
|   step|process| status|  source|table_name|            etl_date|error_msg|
+-------+-------+-------+--------+----------+--------------------+---------+
|staging|   load|success|database|      ipos|2025-06-23 23:36:...|     null|
+-------+-------+-------+--------+----------+--------------------+---------+

Load failed: [UNRESOLVED_USING_COLUMN_FOR_JOIN] USING column `person_id` cannot be resolved on the left side of the join. The left-side columns: [`affiliation_name`, `birthplace`, `created_at`, `first_name`, `last_name`, `object_id`, `people_id`].
+-------+-------+------+-----------+----------+--------------------+--------------------+
|   step|process|status|     source|table_name|            etl_date|           error_msg|
+-------+-------+------+-----------+----------+--------------------+--------------------+
|staging|   load|failed|spreadsheet|    people|2025-06-23 23:36:...|[UNRESOLVED_USING...|
+-------+-------+------+-----------+----------+--------------------+--------------------+

+-------+-------+-------+-----------+-------------+--------------------+---------+
|   step|process| status|     source|   table_name|            etl_date|error_msg|
+-------+-------+-------+-----------+-------------+--------------------+---------+
|staging|   load|success|spreadsheet|relationships|2025-06-23 23:36:...|     null|
+-------+-------+-------+-----------+-------------+--------------------+---------+

+-------+-------+-------+------+----------+--------------------+---------+
|   step|process| status|source|table_name|            etl_date|error_msg|
+-------+-------+-------+------+----------+--------------------+---------+
|staging|   load|success|   api|milestones|2025-06-23 23:36:...|     null|
+-------+-------+-------+------+----------+--------------------+---------+

==== End Staging Pipeline ===
==== Start Warehouse Pipeline ===
Extracting data from staging...
+---------+----------+-------+--------+----------+-------------------+---------+
|     step|   process| status|  source|table_name|           etl_date|error_msg|
+---------+----------+-------+--------+----------+-------------------+---------+
|warehouse|extraction|success|database|    people|2025-06-23 23:36:54|     null|
+---------+----------+-------+--------+----------+-------------------+---------+

+---------+----------+-------+--------+----------+-------------------+---------+
|     step|   process| status|  source|table_name|           etl_date|error_msg|
+---------+----------+-------+--------+----------+-------------------+---------+
|warehouse|extraction|success|database|   company|2025-06-23 23:37:16|     null|
+---------+----------+-------+--------+----------+-------------------+---------+

+---------+----------+-------+--------+-------------+-------------------+---------+
|     step|   process| status|  source|   table_name|           etl_date|error_msg|
+---------+----------+-------+--------+-------------+-------------------+---------+
|warehouse|extraction|success|database|relationships|2025-06-23 23:37:20|     null|
+---------+----------+-------+--------+-------------+-------------------+---------+

+---------+----------+-------+--------+-----------+-------------------+---------+
|     step|   process| status|  source| table_name|           etl_date|error_msg|
+---------+----------+-------+--------+-----------+-------------------+---------+
|warehouse|extraction|success|database|investments|2025-06-23 23:37:22|     null|
+---------+----------+-------+--------+-----------+-------------------+---------+

+---------+----------+-------+--------+----------+-------------------+---------+
|     step|   process| status|  source|table_name|           etl_date|error_msg|
+---------+----------+-------+--------+----------+-------------------+---------+
|warehouse|extraction|success|database|      ipos|2025-06-23 23:37:24|     null|
+---------+----------+-------+--------+----------+-------------------+---------+

+---------+----------+-------+--------+-----------+-------------------+---------+
|     step|   process| status|  source| table_name|           etl_date|error_msg|
+---------+----------+-------+--------+-----------+-------------------+---------+
|warehouse|extraction|success|database|acquisition|2025-06-23 23:37:26|     null|
+---------+----------+-------+--------+-----------+-------------------+---------+

+---------+----------+-------+--------+--------------+-------------------+---------+
|     step|   process| status|  source|    table_name|           etl_date|error_msg|
+---------+----------+-------+--------+--------------+-------------------+---------+
|warehouse|extraction|success|database|funding_rounds|2025-06-23 23:37:28|     null|
+---------+----------+-------+--------+--------------+-------------------+---------+

+---------+----------+-------+--------+----------+-------------------+---------+
|     step|   process| status|  source|table_name|           etl_date|error_msg|
+---------+----------+-------+--------+----------+-------------------+---------+
|warehouse|extraction|success|database|     funds|2025-06-23 23:37:30|     null|
+---------+----------+-------+--------+----------+-------------------+---------+

+---------+----------+-------+--------+----------+-------------------+---------+
|     step|   process| status|  source|table_name|           etl_date|error_msg|
+---------+----------+-------+--------+----------+-------------------+---------+
|warehouse|extraction|success|database|milestones|2025-06-23 23:37:32|     null|
+---------+----------+-------+--------+----------+-------------------+---------+

Transforming, Validating and Loading data...
Transforming, Validating and Loading data for dimension tables...
+---------+--------------+-------+-------+----------+-------------------+---------+
|     step|       process| status| source|table_name|           etl_date|error_msg|
+---------+--------------+-------+-------+----------+-------------------+---------+
|warehouse|transformation|success|staging|    people|2025-06-23 23:37:33|     null|
+---------+--------------+-------+-------+----------+-------------------+---------+

Save validation report as people_2025-06-23 23:37:38.json
+---------+-------+-------+-------+----------+--------------------+---------+
|     step|process| status| source|table_name|            etl_date|error_msg|
+---------+-------+-------+-------+----------+--------------------+---------+
|warehouse|   load|success|staging|    people|2025-06-23 23:37:...|     null|
+---------+-------+-------+-------+----------+--------------------+---------+

+---------+--------------+-------+-------+----------+-------------------+---------+
|     step|       process| status| source|table_name|           etl_date|error_msg|
+---------+--------------+-------+-------+----------+-------------------+---------+
|warehouse|transformation|success|staging|   company|2025-06-23 23:37:42|     null|
+---------+--------------+-------+-------+----------+-------------------+---------+

Save validation report as company_2025-06-23 23:37:49.json
+---------+-------+-------+-------+----------+--------------------+---------+
|     step|process| status| source|table_name|            etl_date|error_msg|
+---------+-------+-------+-------+----------+--------------------+---------+
|warehouse|   load|success|staging|   company|2025-06-23 23:37:...|     null|
+---------+-------+-------+-------+----------+--------------------+---------+

Transforming, Validating and Loading data for fact tables...
+---------+--------------+-------+-------+-----------+-------------------+---------+
|     step|       process| status| source| table_name|           etl_date|error_msg|
+---------+--------------+-------+-------+-----------+-------------------+---------+
|warehouse|transformation|success|staging|investments|2025-06-23 23:37:52|     null|
+---------+--------------+-------+-------+-----------+-------------------+---------+

+---------+--------------+-------+-------+--------------+-------------------+---------+
|     step|       process| status| source|    table_name|           etl_date|error_msg|
+---------+--------------+-------+-------+--------------+-------------------+---------+
|warehouse|transformation|success|staging|funding_rounds|2025-06-23 23:37:54|     null|
+---------+--------------+-------+-------+--------------+-------------------+---------+

+---------+--------------------+-------+-------+--------------------+-------------------+---------+
|     step|             process| status| source|          table_name|           etl_date|error_msg|
+---------+--------------------+-------+-------+--------------------+-------------------+---------+
|warehouse|Combine Transform...|success|staging|investments,fundi...|2025-06-23 23:37:56|     null|
+---------+--------------------+-------+-------+--------------------+-------------------+---------+

Save validation report as fact_investment_round_participation_2025-06-23 23:38:45.json
Save validation report as funding_rounds_2025-06-23 23:39:06.json
+---------+-------+-------+-------+--------------------+--------------------+---------+
|     step|process| status| source|          table_name|            etl_date|error_msg|
+---------+-------+-------+-------+--------------------+--------------------+---------+
|warehouse|   load|success|staging|investments,fundi...|2025-06-23 23:39:...|     null|
+---------+-------+-------+-------+--------------------+--------------------+---------+

+---------+--------------+-------+-------+----------+-------------------+---------+
|     step|       process| status| source|table_name|           etl_date|error_msg|
+---------+--------------+-------+-------+----------+-------------------+---------+
|warehouse|transformation|success|staging|      ipos|2025-06-23 23:39:09|     null|
+---------+--------------+-------+-------+----------+-------------------+---------+

Save validation report as ipos_2025-06-23 23:39:16.json
+---------+-------+-------+-------+----------+--------------------+---------+
|     step|process| status| source|table_name|            etl_date|error_msg|
+---------+-------+-------+-------+----------+--------------------+---------+
|warehouse|   load|success|staging|      ipos|2025-06-23 23:39:...|     null|
+---------+-------+-------+-------+----------+--------------------+---------+

+---------+--------------+-------+-------+-----------+-------------------+---------+
|     step|       process| status| source| table_name|           etl_date|error_msg|
+---------+--------------+-------+-------+-----------+-------------------+---------+
|warehouse|transformation|success|staging|acquisition|2025-06-23 23:39:18|     null|
+---------+--------------+-------+-------+-----------+-------------------+---------+

Save validation report as acquisition_2025-06-23 23:39:23.json
+---------+-------+-------+-------+-----------+--------------------+---------+
|     step|process| status| source| table_name|            etl_date|error_msg|
+---------+-------+-------+-------+-----------+--------------------+---------+
|warehouse|   load|success|staging|acquisition|2025-06-23 23:39:...|     null|
+---------+-------+-------+-------+-----------+--------------------+---------+

+---------+--------------+-------+-------+----------+-------------------+---------+
|     step|       process| status| source|table_name|           etl_date|error_msg|
+---------+--------------+-------+-------+----------+-------------------+---------+
|warehouse|transformation|success|staging|milestones|2025-06-23 23:39:25|     null|
+---------+--------------+-------+-------+----------+-------------------+---------+

Save validation report as milestones_2025-06-23 23:39:29.json
+---------+-------+-------+-------+----------+--------------------+---------+
|     step|process| status| source|table_name|            etl_date|error_msg|
+---------+-------+-------+-------+----------+--------------------+---------+
|warehouse|   load|success|staging|milestones|2025-06-23 23:39:...|     null|
+---------+-------+-------+-------+----------+--------------------+---------+

+---------+--------------+-------+-------+----------+-------------------+---------+
|     step|       process| status| source|table_name|           etl_date|error_msg|
+---------+--------------+-------+-------+----------+-------------------+---------+
|warehouse|transformation|success|staging|     funds|2025-06-23 23:39:30|     null|
+---------+--------------+-------+-------+----------+-------------------+---------+

Save validation report as funds_2025-06-23 23:39:35.json
+---------+-------+-------+-------+----------+--------------------+---------+
|     step|process| status| source|table_name|            etl_date|error_msg|
+---------+-------+-------+-------+----------+--------------------+---------+
|warehouse|   load|success|staging|     funds|2025-06-23 23:39:...|     null|
+---------+-------+-------+-------+----------+--------------------+---------+

+---------+--------------+-------+-------+-------------+-------------------+---------+
|     step|       process| status| source|   table_name|           etl_date|error_msg|
+---------+--------------+-------+-------+-------------+-------------------+---------+
|warehouse|transformation|success|staging|relationships|2025-06-23 23:39:36|     null|
+---------+--------------+-------+-------+-------------+-------------------+---------+

Save validation report as relationships_2025-06-23 23:39:44.json
+---------+-------+-------+-------+-------------+--------------------+---------+
|     step|process| status| source|   table_name|            etl_date|error_msg|
+---------+-------+-------+-------+-------------+--------------------+---------+
|warehouse|   load|success|staging|relationships|2025-06-23 23:39:...|     null|
+---------+-------+-------+-------+-------------+--------------------+---------+

==== End Warehouse Pipeline ===
[INFO] Finished pipeline at Mon Jun 23 23:39:49 UTC 2025
